[INFO] Scanning for projects...
[INFO] 
[INFO] ------------------< de.refactoringBot:RefactoringBot >------------------
[INFO] Building Refactoring-Bot 0.0.1-SNAPSHOT
[INFO]   from pom.xml
[INFO] --------------------------------[ jar ]---------------------------------
[INFO] 
[INFO] --- clean:3.1.0:clean (default-clean) @ RefactoringBot ---
[INFO] Deleting /Refactoring-Bot/target
[INFO] 
[INFO] --- antlr4:4.7.2:antlr4 (default) @ RefactoringBot ---
[INFO] ANTLR 4: Processing source directory /Refactoring-Bot/src/main/antlr4
[INFO] Processing grammar: botGrammar/BotOperations.g4
[INFO] 
[INFO] --- resources:3.1.0:resources (default-resources) @ RefactoringBot ---
[INFO] Using 'UTF-8' encoding to copy filtered resources.
[INFO] Copying 1 resource
[INFO] Copying 0 resource
[INFO] 
[INFO] --- compiler:3.8.1:compile (default-compile) @ RefactoringBot ---
[INFO] Changes detected - recompiling the module!
[INFO] Compiling 112 source files to /Refactoring-Bot/target/classes
[INFO] /Refactoring-Bot/src/main/java/de/refactoringbot/configuration/WebConfig.java: /Refactoring-Bot/src/main/java/de/refactoringbot/configuration/WebConfig.java uses or overrides a deprecated API.
[INFO] /Refactoring-Bot/src/main/java/de/refactoringbot/configuration/WebConfig.java: Recompile with -Xlint:deprecation for details.
[INFO] 
[INFO] --- resources:3.1.0:testResources (default-testResources) @ RefactoringBot ---
[INFO] Using 'UTF-8' encoding to copy filtered resources.
[INFO] skip non existing resourceDirectory /Refactoring-Bot/src/test/resources
[INFO] 
[INFO] --- compiler:3.8.1:testCompile (default-testCompile) @ RefactoringBot ---
[INFO] Changes detected - recompiling the module!
[INFO] Compiling 38 source files to /Refactoring-Bot/target/test-classes
[INFO] 
[INFO] --- surefire:2.22.2:test (default-test) @ RefactoringBot ---
[INFO] Tests are skipped.
[INFO] 
[INFO] --- surefire:2.22.2:test (unit-tests) @ RefactoringBot ---
[INFO] 
[INFO] -------------------------------------------------------
[INFO]  T E S T S
[INFO] -------------------------------------------------------
[INFO] Running de.refactoringbot.services.main.GitServiceTest
[INFO] Tests run: 2, Failures: 0, Errors: 0, Skipped: 0, Time elapsed: 1.174 s - in de.refactoringbot.services.main.GitServiceTest
[INFO] Running de.refactoringbot.services.main.GrammarServiceTest
[ERROR] Tests run: 5, Failures: 0, Errors: 1, Skipped: 0, Time elapsed: 1.171 s <<< FAILURE! - in de.refactoringbot.services.main.GrammarServiceTest
[ERROR] testCheckComment(de.refactoringbot.services.main.GrammarServiceTest)  Time elapsed: 0.026 s  <<< ERROR!
java.lang.ExceptionInInitializerError
	at de.refactoringbot.services.main.GrammarServiceTest.testCheckComment(GrammarServiceTest.java:111)
Caused by: java.lang.UnsupportedOperationException: java.io.InvalidClassException: org.antlr.v4.runtime.atn.ATN; Could not deserialize ATN with version 3 (expected 4).
	at de.refactoringbot.services.main.GrammarServiceTest.testCheckComment(GrammarServiceTest.java:111)
Caused by: java.io.InvalidClassException: org.antlr.v4.runtime.atn.ATN; Could not deserialize ATN with version 3 (expected 4).
	at de.refactoringbot.services.main.GrammarServiceTest.testCheckComment(GrammarServiceTest.java:111)

[INFO] Running de.refactoringbot.services.main.FileServiceTest
[INFO] Tests run: 2, Failures: 0, Errors: 0, Skipped: 0, Time elapsed: 3.342 s - in de.refactoringbot.services.main.FileServiceTest
[INFO] Running de.refactoringbot.services.sonarqube.SonarQubeObjectTranslatorTest
[INFO] Tests run: 2, Failures: 0, Errors: 0, Skipped: 0, Time elapsed: 0.001 s - in de.refactoringbot.services.sonarqube.SonarQubeObjectTranslatorTest
[INFO] Running de.refactoringbot.services.github.GithubObjectTranslatorTest
[INFO] Tests run: 1, Failures: 0, Errors: 0, Skipped: 0, Time elapsed: 0.008 s - in de.refactoringbot.services.github.GithubObjectTranslatorTest
[INFO] Running de.refactoringbot.refactoring.RefactoringOperationsTest
[INFO] Tests run: 1, Failures: 0, Errors: 0, Skipped: 0, Time elapsed: 0.001 s - in de.refactoringbot.refactoring.RefactoringOperationsTest
[INFO] Running de.refactoringbot.refactoring.RefactoringHelperTest
[INFO] Tests run: 7, Failures: 0, Errors: 0, Skipped: 0, Time elapsed: 0.142 s - in de.refactoringbot.refactoring.RefactoringHelperTest
[INFO] Running de.refactoringbot.refactorings.ReorderModifiersTest
04:28:56.585 [main] INFO de.refactoringbot.refactorings.ReorderModifiersTest - Reordered modifiers to comply with the Java Language Specification
04:28:56.621 [main] INFO de.refactoringbot.refactorings.ReorderModifiersTest - Reordered modifiers to comply with the Java Language Specification
04:28:56.631 [main] INFO de.refactoringbot.refactorings.ReorderModifiersTest - Reordered modifiers to comply with the Java Language Specification
04:28:56.638 [main] INFO de.refactoringbot.refactorings.ReorderModifiersTest - Reordered modifiers to comply with the Java Language Specification
[INFO] Tests run: 5, Failures: 0, Errors: 0, Skipped: 0, Time elapsed: 0.108 s - in de.refactoringbot.refactorings.ReorderModifiersTest
[INFO] Running de.refactoringbot.refactorings.RenameMethodTest
04:28:56.791 [main] INFO de.refactoringbot.refactorings.RenameMethodTest - Renamed method 'getLineOfMethodToBeRenamed' to 'newMethodName'
04:28:56.999 [main] INFO de.refactoringbot.refactorings.RenameMethodTest - Renamed method 'getLineOfMethodToBeRenamed' to 'newMethodName'
04:28:57.049 [main] INFO de.refactoringbot.refactorings.RenameMethodTest - Renamed method 'getLineOfMethodPlacedInAndAfterInnerClass' to 'newMethodName'
04:28:57.112 [main] INFO de.refactoringbot.refactorings.RenameMethodTest - Renamed method 'getLineOfInterfaceMethod' to 'newMethodName'
04:28:57.163 [main] INFO de.refactoringbot.refactorings.RenameMethodTest - Renamed method 'getLineOfInterfaceMethod' to 'newMethodName'
04:28:57.197 [main] INFO de.refactoringbot.refactorings.RenameMethodTest - Renamed method 'getLineOfInterfaceMethod' to 'newMethodName'
04:28:57.241 [main] INFO de.refactoringbot.refactorings.RenameMethodTest - Renamed method 'getLineOfMethodToBeRenamed' to 'newMethodName'
04:28:57.292 [main] INFO de.refactoringbot.refactorings.RenameMethodTest - Renamed method 'getLineOfMethodToBeRenamed' to 'newMethodName'
04:28:57.320 [main] INFO de.refactoringbot.refactorings.RenameMethodTest - Renamed method 'getLineOfMethodToBeRenamed' to 'newMethodName'
04:28:57.367 [main] INFO de.refactoringbot.refactorings.RenameMethodTest - Renamed method 'getLineOfMethodToBeRenamed' to 'newMethodName'
[INFO] Tests run: 12, Failures: 0, Errors: 0, Skipped: 0, Time elapsed: 0.725 s - in de.refactoringbot.refactorings.RenameMethodTest
[INFO] Running de.refactoringbot.refactorings.AddOverrideAnnotationTest
04:28:57.393 [main] INFO de.refactoringbot.refactorings.AddOverrideAnnotationTest - Added override annotation to method 'getLineOfMethodWithMissingOverrideAnnotation'
04:28:57.403 [main] INFO de.refactoringbot.refactorings.AddOverrideAnnotationTest - Added override annotation to method 'getLineOfMethodWithMissingOverrideAnnotation2'
04:28:57.407 [main] INFO de.refactoringbot.refactorings.AddOverrideAnnotationTest - Added override annotation to method 'getLineOfMethodWithMissingOverrideAnnotation3'
04:28:57.413 [main] INFO de.refactoringbot.refactorings.AddOverrideAnnotationTest - Added override annotation to method 'getLineOfMethodWithMissingOverrideAnnotation4'
[INFO] Tests run: 5, Failures: 0, Errors: 0, Skipped: 0, Time elapsed: 0.04 s - in de.refactoringbot.refactorings.AddOverrideAnnotationTest
[INFO] Running de.refactoringbot.refactorings.RemoveCommentedOutCodeTest
04:28:57.448 [main] INFO de.refactoringbot.refactorings.RemoveCommentedOutCodeTest - Removed 1 line(s) of commented out code (line 49-49)
04:28:57.467 [main] INFO de.refactoringbot.refactorings.RemoveCommentedOutCodeTest - Removed 10 line(s) of commented out code (line 35-44)
04:28:57.474 [main] INFO de.refactoringbot.refactorings.RemoveCommentedOutCodeTest - Removed 4 line(s) of commented out code (line 17-20)
04:28:57.491 [main] INFO de.refactoringbot.refactorings.RemoveCommentedOutCodeTest - Removed 3 line(s) of commented out code (line 6-8)
04:28:57.496 [main] INFO de.refactoringbot.refactorings.RemoveCommentedOutCodeTest - Removed 6 line(s) of commented out code (line 25-30)
04:28:57.500 [main] INFO de.refactoringbot.refactorings.RemoveCommentedOutCodeTest - Removed 3 line(s) of commented out code (line 10-12)
04:28:57.514 [main] INFO de.refactoringbot.refactorings.RemoveCommentedOutCodeTest - Removed 5 line(s) of commented out code (line 53-57)
[INFO] Tests run: 8, Failures: 0, Errors: 0, Skipped: 0, Time elapsed: 0.088 s - in de.refactoringbot.refactorings.RemoveCommentedOutCodeTest
[INFO] Running de.refactoringbot.refactorings.RemoveMethodParameterTest
04:28:57.625 [main] INFO de.refactoringbot.refactorings.RemoveMethodParameterTest - Removed parameter 'b' from method 'getLineOfMethodWithUnusedParameter(int, int, int)'
04:28:57.663 [main] INFO de.refactoringbot.refactorings.RemoveMethodParameterTest - Removed parameter 'b' from method 'getLineOfMethodPlacedInAndAfterInnerClass(int, int, int)'
04:28:57.723 [main] INFO de.refactoringbot.refactorings.RemoveMethodParameterTest - Removed parameter 'b' from method 'getLineOfMethodWithUnusedParameter(int, int, int)'
04:28:57.765 [main] INFO de.refactoringbot.refactorings.RemoveMethodParameterTest - Removed parameter 'b' from method 'getLineOfMethodWithUnusedParameter(int, int, int)'
04:28:57.826 [main] INFO de.refactoringbot.refactorings.RemoveMethodParameterTest - Removed parameter 'b' from method 'getLineOfMethodWithUnusedParameter(int, int, int)'
04:28:57.867 [main] INFO de.refactoringbot.refactorings.RemoveMethodParameterTest - Removed parameter 'b' from method 'getLineOfMethodWithUnusedParameter(int, int, int)'
04:28:57.928 [main] INFO de.refactoringbot.refactorings.RemoveMethodParameterTest - Removed parameter 'b' from method 'getLineOfMethodWithUnusedParameter(int, int, int)'
04:28:57.970 [main] INFO de.refactoringbot.refactorings.RemoveMethodParameterTest - Removed parameter 'b' from method 'getLineOfMethodWithUnusedParameter(int, int, int)'
04:28:58.140 [main] INFO de.refactoringbot.refactorings.RemoveMethodParameterTest - Removed parameter 'b' from method 'getLineOfMethodWithUnusedParameter(int, int, int)'
04:28:58.220 [main] INFO de.refactoringbot.refactorings.RemoveMethodParameterTest - Removed parameter 'b' from method 'getLineOfMethodWithUnusedParameter(int, int, int)'
[INFO] Tests run: 12, Failures: 0, Errors: 0, Skipped: 0, Time elapsed: 0.704 s - in de.refactoringbot.refactorings.RemoveMethodParameterTest
[INFO] 
[INFO] Results:
[INFO] 
[ERROR] Errors: 
[ERROR]   GrammarServiceTest.testCheckComment:111 » ExceptionInInitializer
[INFO] 
[ERROR] Tests run: 62, Failures: 0, Errors: 1, Skipped: 0
[INFO] 
[INFO] ------------------------------------------------------------------------
[INFO] BUILD FAILURE
[INFO] ------------------------------------------------------------------------
[INFO] Total time:  23.442 s
[INFO] Finished at: 2026-01-05T04:28:58Z
[INFO] ------------------------------------------------------------------------
[WARNING] 
[WARNING] Plugin validation issues were detected in 5 plugin(s)
[WARNING] 
[WARNING]  * org.apache.maven.plugins:maven-resources-plugin:3.1.0
[WARNING]  * org.apache.maven.plugins:maven-compiler-plugin:3.8.1
[WARNING]  * org.apache.maven.plugins:maven-clean-plugin:3.1.0
[WARNING]  * org.apache.maven.plugins:maven-surefire-plugin:2.22.2
[WARNING]  * org.antlr:antlr4-maven-plugin:4.7.2
[WARNING] 
[WARNING] For more or less details, use 'maven.plugin.validation' property with one of the values (case insensitive): [BRIEF, DEFAULT, VERBOSE]
[WARNING] 
[ERROR] Failed to execute goal org.apache.maven.plugins:maven-surefire-plugin:2.22.2:test (unit-tests) on project RefactoringBot: There are test failures.
[ERROR] 
[ERROR] Please refer to /Refactoring-Bot/target/surefire-reports for the individual test results.
[ERROR] Please refer to dump files (if any exist) [date].dump, [date]-jvmRun[N].dump and [date].dumpstream.
[ERROR] -> [Help 1]
[ERROR] 
[ERROR] To see the full stack trace of the errors, re-run Maven with the -e switch.
[ERROR] Re-run Maven using the -X switch to enable full debug logging.
[ERROR] 
[ERROR] For more information about the errors and possible solutions, please read the following articles:
[ERROR] [Help 1] http://cwiki.apache.org/confluence/display/MAVEN/MojoFailureException

WARNING: The requested image's platform (linux/amd64) does not match the detected host platform (linux/arm64/v8) and no specific platform was requested
ANTLR Tool version 4.7.1 used for code generation does not match the current runtime version 4.10.1
